Using CPython 3.10.12 interpreter at: /usr/bin/python3.10
Creating virtual environment at: projects/openvla-oft/.venv
Activate with: source projects/openvla-oft/.venv/bin/activate
Using Python 3.10.12 environment at: projects/openvla-oft/.venv
   Updating https://github.com/moojink/transformers-openvla-oft.git (HEAD)
    Updated https://github.com/moojink/transformers-openvla-oft.git (bc339d9ad707454c0c115970db43c260067c61ab)
Resolved 136 packages in 25.40s
   Building openvla-oft @ file:///home/julnk0207/vla-workspace/projects/openvla-oft
   Building transformers @ git+https://github.com/moojink/transformers-openvla-oft.git@bc339d9ad707454c0c115970db43c260067c61ab
Downloading diffusers (2.5MiB)
 Downloaded diffusers
      Built openvla-oft @ file:///home/julnk0207/vla-workspace/projects/openvla-oft
      Built transformers @ git+https://github.com/moojink/transformers-openvla-oft.git@bc339d9ad707454c0c115970db43c260067c61ab
Prepared 10 packages in 2.65s
Installed 136 packages in 328ms
 + absl-py==2.5.0
 + accelerate==1.14.0
 + annotated-doc==0.0.5
 + annotated-types==0.8.0
 + anyio==4.14.2
 + array-record==0.8.1
 + astunparse==1.6.3
 + attrs==26.1.0
 + certifi==2026.7.22
 + cffi==2.1.1
 + charset-normalizer==3.5.1
 + click==8.4.2
 + contourpy==1.3.2
 + cryptography==50.0.0
 + cycler==0.12.1
 + diffusers==0.30.3
 + dlimp==0.0.1 (from git+https://github.com/moojink/dlimp_openvla@040105d256bd28866cc6620621a3d5f7b6b91b46)
 + dm-tree==0.1.10
 + draccus==0.8.0
 + einops==0.8.2
 + etils==1.13.0
 + exceptiongroup==1.3.1
 + fastapi==0.141.1
 + filelock==3.32.3
 + flatbuffers==25.12.19
 + fonttools==4.63.0
 + fsspec==2026.7.0
 + gast==0.7.0
 + gitdb==4.0.12
 + gitpython==3.1.59
 + google-auth==2.56.3
 + google-auth-oauthlib==1.4.0
 + google-pasta==0.2.0
 + grpcio==1.83.0
 + h11==0.16.0
 + h5py==3.16.0
 + hf-xet==1.6.0
 + huggingface-hub==0.36.2
 + idna==3.19
 + imageio==2.37.4
 + importlib-metadata==9.0.0
 + importlib-resources==7.1.0
 + jinja2==3.1.6
 + json-numpy==2.1.1
 + jsonlines==4.0.0
 + keras==2.15.0
 + kiwisolver==1.5.0
 + libclang==18.1.1
 + markdown==3.10.3
 + markdown-it-py==4.2.0
 + markupsafe==3.0.3
 + matplotlib==3.10.9
 + mdurl==0.1.2
 + mergedeep==1.3.4
 + ml-dtypes==0.2.0
 + mpmath==1.3.0
 + mypy-extensions==1.1.0
 + networkx==3.4.2
 + numpy==1.26.4
 + nvidia-cublas-cu12==12.1.3.1
 + nvidia-cuda-cupti-cu12==12.1.105
 + nvidia-cuda-nvrtc-cu12==12.1.105
 + nvidia-cuda-runtime-cu12==12.1.105
 + nvidia-cudnn-cu12==8.9.2.26
 + nvidia-cufft-cu12==11.0.2.54
 + nvidia-curand-cu12==10.3.2.106
 + nvidia-cusolver-cu12==11.4.5.107
 + nvidia-cusparse-cu12==12.1.0.106
 + nvidia-nccl-cu12==2.19.3
 + nvidia-nvjitlink-cu12==12.9.86
 + nvidia-nvtx-cu12==12.1.105
 + oauthlib==3.3.1
 + openexr==3.4.14
 + openvla-oft==0.0.1 (from file:///home/julnk0207/vla-workspace/projects/openvla-oft)
 + opt-einsum==3.4.0
 + packaging==26.3
 + peft==0.11.1
 + pillow==12.3.0
 + platformdirs==4.11.3
 + promise==2.3
 + protobuf==4.25.9
 + psutil==7.2.2
 + pyasn1==0.6.4
 + pyasn1-modules==0.4.2
 + pycparser==3.0
 + pydantic==2.13.4
 + pydantic-core==2.46.4
 + pygments==2.21.0
 + pyparsing==3.3.2
 + python-dateutil==2.9.0.post0
 + pyyaml==6.0.3
 + pyyaml-include==1.4.1
 + regex==2026.7.19
 + requests==2.34.2
 + requests-oauthlib==2.0.0
 + rich==15.0.0
 + safetensors==0.8.0
 + scipy==1.15.3
 + sentencepiece==0.1.99
 + sentry-sdk==2.68.0
 + setuptools==84.0.0
 + six==1.17.0
 + smmap==5.0.3
 + starlette==1.6.0
 + sympy==1.14.0
 + tensorboard==2.15.2
 + tensorboard-data-server==0.7.2
 + tensorflow==2.15.0
 + tensorflow-addons==0.23.0
 + tensorflow-datasets==4.9.3
 + tensorflow-estimator==2.15.0
 + tensorflow-graphics==2021.12.3
 + tensorflow-io-gcs-filesystem==0.37.1
 + tensorflow-metadata==1.21.0
 + termcolor==3.3.0
 + timm==0.9.10
 + tokenizers==0.19.1
 + toml==0.10.2
 + torch==2.2.0
 + torchaudio==2.2.0
 + torchvision==0.17.0
 + tqdm==4.70.0
 + transformers==4.40.1 (from git+https://github.com/moojink/transformers-openvla-oft.git@bc339d9ad707454c0c115970db43c260067c61ab)
 + trimesh==5.0.0
 + triton==2.2.0
 + typeguard==2.13.3
 + typing-extensions==4.16.0
 + typing-inspect==0.9.0
 + typing-inspection==0.4.4
 + urllib3==2.7.0
 + uvicorn==0.52.4
 + wandb==0.28.0
 + werkzeug==3.1.8
 + wheel==0.48.0
 + wrapt==1.14.2
 + zipp==4.1.0
Using Python 3.10.12 environment at: projects/openvla-oft/.venv
Resolved 60 packages in 513ms
   Building libero @ file:///home/julnk0207/vla-workspace/projects/openpi/third_party/libero
      Built libero @ file:///home/julnk0207/vla-workspace/projects/openpi/third_party/libero
Prepared 1 package in 212ms
Installed 35 packages in 77ms
 + bddl==3.6.0
 + cloudpickle==3.1.2
 + defusedxml==0.7.1
 + easydict==1.13
 + evdev==1.9.3
 + fastjsonschema==2.22.2
 + future==1.0.0
 + glfw==2.10.2
 + gym==0.26.2
 + gym-notices==0.1.0
 + imageio-ffmpeg==0.6.0
 + iniconfig==2.3.0
 + joblib==1.5.3
 + jsonschema==4.26.0
 + jsonschema-specifications==2025.9.1
 + jupyter-core==5.9.1
 + jupytext==1.19.5
 + libero==0.1.0 (from file:///home/julnk0207/vla-workspace/projects/openpi/third_party/libero)
 + llvmlite==0.49.0
 + mdit-py-plugins==0.6.1
 + mujoco==3.11.0
 + nbformat==5.11.1
 + nltk==3.10.3
 + numba==0.67.0
 + opencv-python==4.11.0.86
 + pluggy==1.6.0
 + pynput==1.8.2
 + pyopengl==3.1.10
 + pytest==9.1.1
 + python-xlib==0.33
 + referencing==0.37.0
 + robosuite==1.4.1
 + rpds-py==0.30.0
 + tomli==2.4.1
 + traitlets==5.16.1
Using Python 3.10.12 environment at: projects/openvla-oft/.venv
Resolved 2 packages in 82ms
Installed 1 package in 10ms
 + ninja==1.13.0
Skipping FlashAttention-2 for compute capability 7.5.
Prepared oft environment: /home/julnk0207/vla-workspace/projects/openvla-oft/.venv
